   Compiling webview2-com v0.38.2
   Compiling parser v0.9.1 (F:\TOOLS\ObwilerCardMaker\src-tauri\crates\parser)
   Compiling urlpattern v0.3.0
   Compiling tao v0.35.3
   Compiling tauri v2.11.2
   Compiling tauri-macros v2.6.2
   Compiling cardmaker v1.0.0 (F:\TOOLS\ObwilerCardMaker\src-tauri)
warning: function `build_meta` is never used
   --> crates\parser\src\card_data.rs:208:4
    |
208 | fn build_meta(cards: &[Card]) -> MetaInfo {
    |    ^^^^^^^^^^
    |
    = note: `#[warn(dead_code)]` (part of `#[warn(unused)]`) on by default

   Compiling tauri-utils v2.9.2
   Compiling tauri-plugin-shell v2.3.5
warning: `parser` (lib) generated 1 warning
   Compiling wry v0.55.1
   Compiling tauri-runtime v2.11.2
   Compiling tauri-runtime-wry v2.11.2
    Finished `release` profile [optimized] target(s) in 46.63s
